MPLINK 4.49, Linker
Linker Map File - Created Tue Feb 11 12:02:27 2020

                                 Section Info
                  Section       Type    Address   Location Size(Bytes)
                ---------  ---------  ---------  ---------  ---------
                   .org_0       code   0x000000    program   0x000002
                   .cinit    romdata   0x000001    program   0x000004
                   .org_1       code   0x000004    program   0x00014c
      .config_2007_MAIN.O       code   0x002007    program   0x000002
      .config_2008_MAIN.O       code   0x002008    program   0x000002



                              Program Memory Usage 
                               Start         End      
                           ---------   ---------      
                            0x000000    0x000002      
                            0x000004    0x0000a9      
                            0x002007    0x002008      
            171 out of 8455 program addresses used, program memory utilization is 2%



                              Symbols - Sorted by Name
                     Name    Address   Location    Storage File                     
                ---------  ---------  ---------  --------- ---------                
         ButtonNotPressed   0x00005e    program     static C:\Users\Aluno\Desktop\PortableGit\src\simon_game\code\main.asm
            ButtonPressed   0x000061    program     static C:\Users\Aluno\Desktop\PortableGit\src\simon_game\code\main.asm
             CompareInput   0x00006d    program     static C:\Users\Aluno\Desktop\PortableGit\src\simon_game\code\main.asm
                   Delay1   0x000099    program     static C:\Users\Aluno\Desktop\PortableGit\src\simon_game\code\main.asm
                   Delay2   0x00009f    program     static C:\Users\Aluno\Desktop\PortableGit\src\simon_game\code\main.asm
               Delay_10us   0x0000a3    program     static C:\Users\Aluno\Desktop\PortableGit\src\simon_game\code\main.asm
                Delay_1ms   0x000097    program     static C:\Users\Aluno\Desktop\PortableGit\src\simon_game\code\main.asm
                 Delay_1s   0x000091    program     static C:\Users\Aluno\Desktop\PortableGit\src\simon_game\code\main.asm
              Delay_200ms   0x00009d    program     static C:\Users\Aluno\Desktop\PortableGit\src\simon_game\code\main.asm
         EntradaMovimento   0x000053    program     static C:\Users\Aluno\Desktop\PortableGit\src\simon_game\code\main.asm
            ExitInterrupt   0x000010    program     static C:\Users\Aluno\Desktop\PortableGit\src\simon_game\code\main.asm
                InputLoop   0x000058    program     static C:\Users\Aluno\Desktop\PortableGit\src\simon_game\code\main.asm
             LedCountLoop   0x000078    program     static C:\Users\Aluno\Desktop\PortableGit\src\simon_game\code\main.asm
                LevelEasy   0x000036    program     static C:\Users\Aluno\Desktop\PortableGit\src\simon_game\code\main.asm
                LevelHard   0x000038    program     static C:\Users\Aluno\Desktop\PortableGit\src\simon_game\code\main.asm
                     Main   0x00002e    program     static C:\Users\Aluno\Desktop\PortableGit\src\simon_game\code\main.asm
                Main_Loop   0x00003a    program     static C:\Users\Aluno\Desktop\PortableGit\src\simon_game\code\main.asm
      RotinaInicializacao   0x000072    program     static C:\Users\Aluno\Desktop\PortableGit\src\simon_game\code\main.asm
           SorteiaNumeros   0x00003d    program     static C:\Users\Aluno\Desktop\PortableGit\src\simon_game\code\main.asm
                    Start   0x000015    program     static C:\Users\Aluno\Desktop\PortableGit\src\simon_game\code\main.asm
              StoreNumber   0x00004f    program     static C:\Users\Aluno\Desktop\PortableGit\src\simon_game\code\main.asm
          Timer0Interrupt   0x00000a    program     static C:\Users\Aluno\Desktop\PortableGit\src\simon_game\code\main.asm



                              Symbols - Sorted by Address
                     Name    Address   Location    Storage File                     
                ---------  ---------  ---------  --------- ---------                
          Timer0Interrupt   0x00000a    program     static C:\Users\Aluno\Desktop\PortableGit\src\simon_game\code\main.asm
            ExitInterrupt   0x000010    program     static C:\Users\Aluno\Desktop\PortableGit\src\simon_game\code\main.asm
                    Start   0x000015    program     static C:\Users\Aluno\Desktop\PortableGit\src\simon_game\code\main.asm
                     Main   0x00002e    program     static C:\Users\Aluno\Desktop\PortableGit\src\simon_game\code\main.asm
                LevelEasy   0x000036    program     static C:\Users\Aluno\Desktop\PortableGit\src\simon_game\code\main.asm
                LevelHard   0x000038    program     static C:\Users\Aluno\Desktop\PortableGit\src\simon_game\code\main.asm
                Main_Loop   0x00003a    program     static C:\Users\Aluno\Desktop\PortableGit\src\simon_game\code\main.asm
           SorteiaNumeros   0x00003d    program     static C:\Users\Aluno\Desktop\PortableGit\src\simon_game\code\main.asm
              StoreNumber   0x00004f    program     static C:\Users\Aluno\Desktop\PortableGit\src\simon_game\code\main.asm
         EntradaMovimento   0x000053    program     static C:\Users\Aluno\Desktop\PortableGit\src\simon_game\code\main.asm
                InputLoop   0x000058    program     static C:\Users\Aluno\Desktop\PortableGit\src\simon_game\code\main.asm
         ButtonNotPressed   0x00005e    program     static C:\Users\Aluno\Desktop\PortableGit\src\simon_game\code\main.asm
            ButtonPressed   0x000061    program     static C:\Users\Aluno\Desktop\PortableGit\src\simon_game\code\main.asm
             CompareInput   0x00006d    program     static C:\Users\Aluno\Desktop\PortableGit\src\simon_game\code\main.asm
      RotinaInicializacao   0x000072    program     static C:\Users\Aluno\Desktop\PortableGit\src\simon_game\code\main.asm
             LedCountLoop   0x000078    program     static C:\Users\Aluno\Desktop\PortableGit\src\simon_game\code\main.asm
                 Delay_1s   0x000091    program     static C:\Users\Aluno\Desktop\PortableGit\src\simon_game\code\main.asm
                Delay_1ms   0x000097    program     static C:\Users\Aluno\Desktop\PortableGit\src\simon_game\code\main.asm
                   Delay1   0x000099    program     static C:\Users\Aluno\Desktop\PortableGit\src\simon_game\code\main.asm
              Delay_200ms   0x00009d    program     static C:\Users\Aluno\Desktop\PortableGit\src\simon_game\code\main.asm
                   Delay2   0x00009f    program     static C:\Users\Aluno\Desktop\PortableGit\src\simon_game\code\main.asm
               Delay_10us   0x0000a3    program     static C:\Users\Aluno\Desktop\PortableGit\src\simon_game\code\main.asm


